
> user-management-api@1.0.0 test
> jest --detectOpenHandles

node.exe : FAIL src/tests/unit/auth.service.test.js
At C:\Program Files\nodejs\npm.ps1:29 char:3
+   & $NODE_EXE $NPM_CLI_JS $args
+   ~~~~~~~~~~~~~~~~~~~~~~~~~~~~~
    + CategoryInfo          : NotSpecified: (FAIL src/test 
   s/unit/auth.service.test.js:String) [], RemoteExceptio  
  n
    + FullyQualifiedErrorId : NativeCommandError
 
  ΓùÅ Auth Service Unit Tests ΓÇ║ registerUser ΓÇ║ should 
register a new user

    TypeError: user.getVerificationToken is not a function

    [0m [90m 140 |[39m
     [90m 141 |[39m   [90m// 2. Generate Verification 
Token (Updates the document in memory)[39m
    [31m[1m>[22m[39m[90m 142 |[39m   [36mconst[39m 
verificationToken [33m=[39m 
user[33m.[39mgetVerificationToken()[33m;[39m
     [90m     |[39m                                  
[31m[1m^[22m[39m
     [90m 143 |[39m
     [90m 144 |[39m   [90m// 3. Save the token to DB 
via Repository[39m
     [90m 145 |[39m   [36mawait[39m 
authRepo[33m.[39msaveUser(user)[33m;[39m[0m

      at Object.getVerificationToken [as registerUser] 
(src/modules/auth/auth.service.js:142:34)
      at Object.<anonymous> 
(src/tests/unit/auth.service.test.js:29:22)

  ΓùÅ Auth Service Unit Tests ΓÇ║ loginUser ΓÇ║ should 
return tokens on successful login

    ApiError: EMAIL_NOT_VERIFIED

    [0m [90m 19 |[39m   [90m//403 - Forbidden[39m
     [90m 20 |[39m   [36mstatic[39m forbidden(message 
[33m=[39m [32m'Forbidden'[39m) {
    [31m[1m>[22m[39m[90m 21 |[39m     
[36mreturn[39m [36mnew[39m 
[33mApiError[39m([35m403[39m[33m,[39m 
message)[33m;[39m
     [90m    |[39m            [31m[1m^[22m[39m
     [90m 22 |[39m   }
     [90m 23 |[39m   [90m//404 - Not Found[39m
     [90m 24 |[39m   [36mstatic[39m notFound(message 
[33m=[39m [32m'Resource Not Found'[39m) {[0m

      at Function.forbidden (src/utils/ApiError.js:21:12)
      at Object.forbidden 
(src/modules/auth/auth.service.js:39:20)
      at Object.<anonymous> 
(src/tests/unit/auth.service.test.js:62:22)

PASS src/tests/unit/user.service.test.js
PASS src/tests/unit/utils.test.js
PASS src/tests/unit/middlewares.test.js
FAIL src/tests/integration/user.test.js
  ΓùÅ Test suite failed to run

    Route.post() requires a callback function but got a 
[object Undefined]

    [0m [90m 20 |[39m router[33m.[39m[36mget[39m([3
2m'/auth/verifyemail/:token'[39m[33m,[39m 
authController[33m.[39mverifyEmail)[33m;[39m
     [90m 21 |[39m
    [31m[1m>[22m[39m[90m 22 |[39m 
router[33m.[39mpost(
     [90m    |[39m        [31m[1m^[22m[39m
     [90m 23 |[39m   
[32m'/forgot-password'[39m[33m,[39m 
     [90m 24 |[39m   forgotPasswordLimiter[33m,[39m 
     [90m 25 |[39m   
authController[33m.[39mforgotPassword[0m

      at Route.<computed> [as post] 
(node_modules/express/lib/router/route.js:216:15)
      at Function.proto.<computed> [as post] 
(node_modules/express/lib/router/index.js:521:19)
      at Object.post (src/modules/auth/auth.routes.js:22:8)
      at Object.require (src/app.js:4:20)
      at Object.require 
(src/tests/integration/user.test.js:5:13)

FAIL src/tests/integration/health.test.js
  ΓùÅ Test suite failed to run

    TypeError: mongoose.Schema is not a constructor

    [0m [90m 2 |[39m [36mconst[39m crypto [33m=[39m 
require([32m'crypto'[39m)[33m;[39m
     [90m 3 |[39m
    [31m[1m>[22m[39m[90m 4 |[39m [36mconst[39m 
userSchema [33m=[39m [36mnew[39m 
mongoose[33m.[39m[33mSchema[39m(
     [90m   |[39m                    [31m[1m^[22m[39m
     [90m 5 |[39m   {
     [90m 6 |[39m     name[33m:[39m {
     [90m 7 |[39m       type[33m:[39m 
[33mString[39m[33m,[39m[0m

      at Object.<anonymous> 
(src/modules/user/user.model.js:4:20)
      at Object.<anonymous> 
(src/modules/user/user.repo.js:1:37)
      at Object.<anonymous> 
(src/modules/user/user.service.js:1:36)
      at Object.require 
(src/modules/user/user.controller.js:3:21)
      at Object.require 
(src/modules/user/user.routes.js:3:24)
      at Object.require (src/app.js:3:20)
      at Object.require 
(src/tests/integration/health.test.js:4:13)

FAIL src/tests/integration/auth.test.js
  ΓùÅ Test suite failed to run

    Route.post() requires a callback function but got a 
[object Undefined]

    [0m [90m 20 |[39m router[33m.[39m[36mget[39m([3
2m'/auth/verifyemail/:token'[39m[33m,[39m 
authController[33m.[39mverifyEmail)[33m;[39m
     [90m 21 |[39m
    [31m[1m>[22m[39m[90m 22 |[39m 
router[33m.[39mpost(
     [90m    |[39m        [31m[1m^[22m[39m
     [90m 23 |[39m   
[32m'/forgot-password'[39m[33m,[39m 
     [90m 24 |[39m   forgotPasswordLimiter[33m,[39m 
     [90m 25 |[39m   
authController[33m.[39mforgotPassword[0m

      at Route.<computed> [as post] 
(node_modules/express/lib/router/route.js:216:15)
      at Function.proto.<computed> [as post] 
(node_modules/express/lib/router/index.js:521:19)
      at Object.post (src/modules/auth/auth.routes.js:22:8)
      at Object.require (src/app.js:4:20)
      at Object.require 
(src/tests/integration/auth.test.js:5:13)

Test Suites: 4 failed, 3 passed, 7 total
Tests:       2 failed, 26 passed, 28 total
Snapshots:   0 total
Time:        3.047 s
Ran all test suites.
